---
source: crates/metadata-resolve/tests/metadata_golden_tests.rs
expression: msg
input_file: crates/metadata-resolve/tests/failing/commands/invalid_output_type/metadata.json
---
Command 'testCommand (in subgraph default)' has an invalid output type 'NonExistentType'
