---
source: crates/metadata-resolve/tests/metadata_golden_tests.rs
expression: msg
input_file: crates/metadata-resolve/tests/failing/data_connector_link/multiple_errors/metadata.json
---
The data connector myconnectorA (in subgraph default) has an error: The version specified in the capabilities ("0.2.0") is not compatible with the schema version specified. The version requirement is ^0.1.0
The data connector myconnectorB (in subgraph default) has an error: The version specified in the capabilities ("0.2.0") is not compatible with the schema version specified. The version requirement is ^0.1.0
