---
source: crates/metadata-resolve/tests/metadata_golden_tests.rs
expression: msg
input_file: crates/metadata-resolve/tests/failing/scalar_types/scalar_extraction_function_duplicated/metadata.json
---
Multiple year extraction functions found for type Int in data connector custom (in subgraph default)
