---
source: crates/metadata-resolve/tests/metadata_golden_tests.rs
expression: msg
input_file: crates/metadata-resolve/tests/failing/scalar_types/cannot_match_inbuilt_type_name/metadata.json
---
Scalar type String conflicts with existing inbuilt type
