---
source: crates/metadata-resolve/tests/metadata_golden_tests.rs
expression: msg
input_file: crates/metadata-resolve/tests/failing/scalar_types/multiple_errors/metadata.json
---
Scalar type String conflicts with existing inbuilt type
Scalar type Int conflicts with existing inbuilt type
